
> omnivid-frontend@0.1.0 build
> next build

  Γû▓ Next.js 14.2.33
  - Environments: .env.local
  - Experiments (use with caution):
    ┬╖ optimizeCss
    ┬╖ scrollRestoration

   Creating an optimized production build ...
 Γ£ô Compiled successfully
   Skipping linting
   Checking validity of types ...
   Collecting page data ...
   Generating static pages (0/23) ...
   Generating static pages (5/23) 
   Generating static pages (11/23) 
   Generating static pages (17/23) 
Time 11.0451
Time 27.8547
 Γ£ô Generating static pages (23/23)
   Finalizing page optimization ...
   Collecting build traces ...

Route (app)                              Size     First Load JS
Γöî Γùï /                                    5.51 kB         145 kB
Γö£ Γùï /_not-found                          873 B          88.2 kB
Γö£ ╞Æ /api/auth/callback/google            0 B                0 B
Γö£ ╞Æ /api/auth/google                     0 B                0 B
Γö£ ╞Æ /api/auth/login                      0 B                0 B
Γö£ ╞Æ /api/auth/logout                     0 B                0 B
Γö£ ╞Æ /api/auth/register                   0 B                0 B
Γö£ ╞Æ /api/auth/request-reset              0 B                0 B
Γö£ ╞Æ /api/auth/reset                      0 B                0 B
Γö£ ╞Æ /api/auth/session                    0 B                0 B
Γö£ ╞Æ /api/setIsSelect                     0 B                0 B
Γö£ Γùï /app/editor                          36 kB           167 kB
Γö£ Γùï /auth/forgot                         4.09 kB         130 kB
Γö£ Γùï /auth/login                          145 B           164 kB
Γö£ Γùï /auth/reset                          137 B          87.5 kB
Γö£ Γùï /auth/signup                         146 B           164 kB
Γö£ Γùï /dashboard                           6.95 kB         101 kB
Γö£ Γùï /docs                                2.43 kB        98.4 kB
Γö£ Γùï /editor                              1.42 kB        95.5 kB
Γö£ Γùï /features                            1.43 kB         108 kB
Γö£ Γùï /generate                            7.35 kB         105 kB
Γö£ Γùï /login                               11.7 kB         114 kB
Γöö Γùï /pricing                             3.07 kB         109 kB
+ First Load JS shared by all            87.3 kB
  Γö£ chunks/117-89272f10b4688488.js       31.6 kB
  Γö£ chunks/fd9d1056-eabcefd8a17f0848.js  53.6 kB
  Γöö other shared chunks (total)          2.05 kB


╞Æ Middleware                             32.3 kB

Γùï  (Static)   prerendered as static content
╞Æ  (Dynamic)  server-rendered on demand

